---
source: src/nasl/syntax/parser/tests.rs
expression: "crate :: nasl :: syntax :: parser :: tests ::\nparse_program_ok(stringify! (continue_while),\n\"while (a) { b = 2; continue; }\")"
---
[
    While(
        While {
            condition: Atom(
                Ident(
                    Ident(
                        "a",
                    ),
                ),
            ),
            block: Block {
                items: [
                    VarDecl(
                        VarDecl {
                            ident: Ident(
                                "b",
                            ),
                            operator: Equal,
                            expr: Atom(
                                Literal(
                                    Number(
                                        2,
                                    ),
                                ),
                            ),
                        },
                    ),
                    Continue,
                ],
            },
        },
    ),
]
