---
source: src/nasl/syntax/parser/tests.rs
expression: "crate :: nasl :: syntax :: parser :: tests ::\nparse_program_ok(stringify! (while_loop_block), \"while (a) { b; d = 3; }\")"
---
[
    While(
        While {
            condition: Atom(
                Ident(
                    Ident(
                        "a",
                    ),
                ),
            ),
            block: Block {
                items: [
                    ExprStmt(
                        Atom(
                            Ident(
                                Ident(
                                    "b",
                                ),
                            ),
                        ),
                    ),
                    VarDecl(
                        VarDecl {
                            ident: Ident(
                                "d",
                            ),
                            operator: Equal,
                            expr: Atom(
                                Literal(
                                    Number(
                                        3,
                                    ),
                                ),
                            ),
                        },
                    ),
                ],
            },
        },
    ),
]
