---
source: src/nasl/syntax/parser/tests.rs
expression: "crate :: nasl :: syntax :: parser :: tests ::\nparse_program_ok(stringify! (block_empty), \"{ }\")"
---
[
    Block(
        Block {
            items: [],
        },
    ),
]
