---
source: src/nasl/syntax/parser/tests.rs
expression: "crate :: nasl :: syntax :: parser :: tests ::\nparse_program_ok(stringify! (block), \"{ a; }\")"
---
[
    Block(
        Block {
            items: [
                ExprStmt(
                    Atom(
                        Ident(
                            Ident(
                                "a",
                            ),
                        ),
                    ),
                ),
            ],
        },
    ),
]
