---
source: src/nasl/syntax/parser/tests.rs
expression: "crate :: nasl :: syntax :: parser :: tests ::\nparse_program_ok(stringify! (nested_blocks), \"{ a; { b; c; } }\")"
---
[
    Block(
        Block {
            items: [
                ExprStmt(
                    Atom(
                        Ident(
                            Ident(
                                "a",
                            ),
                        ),
                    ),
                ),
                Block(
                    Block {
                        items: [
                            ExprStmt(
                                Atom(
                                    Ident(
                                        Ident(
                                            "b",
                                        ),
                                    ),
                                ),
                            ),
                            ExprStmt(
                                Atom(
                                    Ident(
                                        Ident(
                                            "c",
                                        ),
                                    ),
                                ),
                            ),
                        ],
                    },
                ),
            ],
        },
    ),
]
