---
source: crates/greenbone-scanner-framework/src/get_vts.rs
expression: resp
---
["known"]
