---
source: src/get_scans_id.rs
expression: resp
---
{"scan_id":"id","target":{"hosts":[],"ports":[],"excluded_hosts":[],"credentials":[],"alive_test_ports":[],"alive_test_methods":[],"reverse_lookup_unify":null,"reverse_lookup_only":null},"scan_preferences":[],"vts":[]}
